// Jest Snapshot v1, https://goo.gl/fbAQLP

exports[`Shell renders correctly 1`] = `
<div
  className="Shell-root-1"
>
  <div>
    <div
      className="MuiDrawer-docked-98"
    >
      <div
        className="MuiPaper-root-45 MuiPaper-elevation0-47 MuiDrawer-paper-99 withRouter-SideNav--drawerPaper-14 withRouter-SideNav--drawerPaperClose-15 MuiDrawer-paperAnchorLeft-100 MuiDrawer-paperAnchorDockedLeft-104"
      >
        <div
          className="withRouter-SideNav--toolbar-16"
        >
          <a
            className="withRouter-SideNav--logoLink-18"
            href="/"
          >
            <div
              className="withRouter-SideNav--logoImage-19"
              style={
                Object {
                  "backgroundImage": "url(logo.svg)",
                  "backgroundRepeat": "no-repeat",
                }
              }
            />
          </a>
          <button
            className="MuiButtonBase-root-115 MuiIconButton-root-109 MuiIconButton-colorInherit-110"
            disabled={false}
            onBlur={[Function]}
            onClick={[Function]}
            onFocus={[Function]}
            onKeyDown={[Function]}
            onKeyUp={[Function]}
            onMouseDown={[Function]}
            onMouseLeave={[Function]}
            onMouseUp={[Function]}
            onTouchEnd={[Function]}
            onTouchMove={[Function]}
            onTouchStart={[Function]}
            tabIndex="0"
            type="button"
          >
            <span
              className="MuiIconButton-label-114"
            >
              <svg
                aria-hidden="true"
                className="MuiSvgIcon-root-117"
                color={undefined}
                focusable="false"
                viewBox="0 0 24 24"
              >
                <g>
                  <path
                    d="M10 6L8.59 7.41 13.17 12l-4.58 4.59L10 18l6-6z"
                  />
                </g>
              </svg>
            </span>
            <span
              className="MuiTouchRipple-root-123"
            />
          </button>
        </div>
        <div
          className="withRouter-SideNav--sidebarWrapper-36"
        >
          <div
            className="withRouter-SideNav--list-22"
          >
            <ul
              className="MuiList-root-130 MuiList-padding-131 withRouter-SideNav--list-22"
            >
              <div
                className="MuiButtonBase-root-115 MuiListItem-root-134 MuiListItem-default-137 MuiListItem-gutters-141 MuiListItem-button-142 withRouter-SideNav--itemLink-24 withRouter-SideNav--itemLinkClose-25"
                onBlur={[Function]}
                onClick={[Function]}
                onFocus={[Function]}
                onKeyDown={[Function]}
                onKeyUp={[Function]}
                onMouseDown={[Function]}
                onMouseLeave={[Function]}
                onMouseUp={[Function]}
                onTouchEnd={[Function]}
                onTouchMove={[Function]}
                onTouchStart={[Function]}
                role="button"
                tabIndex="0"
              >
                <svg
                  aria-hidden="true"
                  className="MuiSvgIcon-root-117 MuiListItemIcon-root-144 withRouter-SideNav--itemIcon-26"
                  color={undefined}
                  focusable="false"
                  viewBox="0 0 24 24"
                >
                  <g>
                    <path
                      d="M3 13h8V3H3v10zm0 8h8v-6H3v6zm10 0h8V11h-8v10zm0-18v6h8V3h-8z"
                    />
                  </g>
                </svg>
                <div
                  className="MuiListItemText-root-145 withRouter-SideNav--itemText-27"
                >
                  Dashboard
                </div>
                <span
                  className="MuiTouchRipple-root-123"
                />
              </div>
              <div
                className="MuiButtonBase-root-115 MuiListItem-root-134 MuiListItem-default-137 MuiListItem-gutters-141 MuiListItem-button-142 withRouter-SideNav--itemLink-24 withRouter-SideNav--itemLinkClose-25"
                onBlur={[Function]}
                onClick={[Function]}
                onFocus={[Function]}
                onKeyDown={[Function]}
                onKeyUp={[Function]}
                onMouseDown={[Function]}
                onMouseLeave={[Function]}
                onMouseUp={[Function]}
                onTouchEnd={[Function]}
                onTouchMove={[Function]}
                onTouchStart={[Function]}
                role="button"
                tabIndex="0"
              >
                <svg
                  aria-hidden="true"
                  className="MuiSvgIcon-root-117 MuiListItemIcon-root-144 withRouter-SideNav--itemIcon-26"
                  color={undefined}
                  focusable="false"
                  viewBox="0 0 24 24"
                >
                  <g>
                    <path
                      d="M19 2h-4.18C14.4.84 13.3 0 12 0c-1.3 0-2.4.84-2.82 2H5c-1.1 0-2 .9-2 2v16c0 1.1.9 2 2 2h14c1.1 0 2-.9 2-2V4c0-1.1-.9-2-2-2zm-7 0c.55 0 1 .45 1 1s-.45 1-1 1-1-.45-1-1 .45-1 1-1zm7 18H5V4h2v3h10V4h2v16z"
                    />
                  </g>
                </svg>
                <div
                  className="MuiListItemText-root-145 withRouter-SideNav--itemText-27"
                >
                  Request Tracker
                </div>
                <span
                  className="MuiTouchRipple-root-123"
                />
              </div>
            </ul>
            <div
              className="withRouter-SideNav--linkDiv-12"
            >
              <hr
                className="MuiDivider-root-151"
              />
              <button
                aria-label="Settings"
                className="MuiButtonBase-root-115 MuiIconButton-root-109 MuiIconButton-colorInherit-110"
                disabled={false}
                onBlur={[Function]}
                onClick={[Function]}
                onFocus={[Function]}
                onKeyDown={[Function]}
                onKeyUp={[Function]}
                onMouseDown={[Function]}
                onMouseLeave={[Function]}
                onMouseUp={[Function]}
                onTouchEnd={[Function]}
                onTouchMove={[Function]}
                onTouchStart={[Function]}
                tabIndex="0"
                type="button"
              >
                <span
                  className="MuiIconButton-label-114"
                >
                  <svg
                    aria-hidden="true"
                    className="MuiSvgIcon-root-117"
                    color={undefined}
                    focusable="false"
                    viewBox="0 0 24 24"
                  >
                    <g>
                      <path
                        d="M19.43 12.98c.04-.32.07-.64.07-.98s-.03-.66-.07-.98l2.11-1.65c.19-.15.24-.42.12-.64l-2-3.46c-.12-.22-.39-.3-.61-.22l-2.49 1c-.52-.4-1.08-.73-1.69-.98l-.38-2.65C14.46 2.18 14.25 2 14 2h-4c-.25 0-.46.18-.49.42l-.38 2.65c-.61.25-1.17.59-1.69.98l-2.49-1c-.23-.09-.49 0-.61.22l-2 3.46c-.13.22-.07.49.12.64l2.11 1.65c-.04.32-.07.65-.07.98s.03.66.07.98l-2.11 1.65c-.19.15-.24.42-.12.64l2 3.46c.12.22.39.3.61.22l2.49-1c.52.4 1.08.73 1.69.98l.38 2.65c.03.24.24.42.49.42h4c.25 0 .46-.18.49-.42l.38-2.65c.61-.25 1.17-.59 1.69-.98l2.49 1c.23.09.49 0 .61-.22l2-3.46c.12-.22.07-.49-.12-.64l-2.11-1.65zM12 15.5c-1.93 0-3.5-1.57-3.5-3.5s1.57-3.5 3.5-3.5 3.5 1.57 3.5 3.5-1.57 3.5-3.5 3.5z"
                      />
                    </g>
                  </svg>
                </span>
                <span
                  className="MuiTouchRipple-root-123"
                />
              </button>
            </div>
          </div>
        </div>
      </div>
    </div>
  </div>
  <header
    className="MuiPaper-root-45 MuiPaper-elevation4-51 MuiAppBar-root-37 MuiAppBar-positionAbsolute-39 MuiAppBar-colorPrimary-43 Shell-appBar-2"
  >
    <div
      className="MuiToolbar-root-72 Shell-toolbar-9"
    >
      <button
        aria-label="open drawer"
        className="MuiButtonBase-root-115 MuiIconButton-root-109 MuiIconButton-colorInherit-110 Shell-menuButton-4"
        disabled={false}
        onBlur={[Function]}
        onClick={[Function]}
        onFocus={[Function]}
        onKeyDown={[Function]}
        onKeyUp={[Function]}
        onMouseDown={[Function]}
        onMouseLeave={[Function]}
        onMouseUp={[Function]}
        onTouchEnd={[Function]}
        onTouchMove={[Function]}
        onTouchStart={[Function]}
        tabIndex="0"
        type="button"
      >
        <span
          className="MuiIconButton-label-114"
        >
          <svg
            aria-hidden="true"
            className="MuiSvgIcon-root-117"
            color={undefined}
            focusable="false"
            viewBox="0 0 24 24"
          >
            <g>
              <path
                d="M3 18h18v-2H3v2zm0-5h18v-2H3v2zm0-7v2h18V6H3z"
              />
            </g>
          </svg>
        </span>
        <span
          className="MuiTouchRipple-root-123"
        />
      </button>
      <h2
        className="MuiTypography-root-74 MuiTypography-title-80 MuiTypography-colorInherit-93 MuiTypography-noWrap-90"
      >
        Redirect
      </h2>
    </div>
  </header>
  <div
    className="Shell-content-10"
  >
    <div
      className="Shell-toolbar-9"
    />
    <div
      className="Shell-actualContent-11"
    />
  </div>
</div>
`;
